#
# There is insufficient memory for the Java Runtime Environment to continue.
# Native memory allocation (malloc) failed to allocate 1503440 bytes. Error detail: Chunk::new
# Possible reasons:
#   The system is out of physical RAM or swap space
#   This process is running with CompressedOops enabled, and the Java Heap may be blocking the growth of the native heap
# Possible solutions:
#   Reduce memory load on the system
#   Increase physical memory or swap space
#   Check if swap backing store is full
#   Decrease Java heap size (-Xmx/-Xms)
#   Decrease number of Java threads
#   Decrease Java thread stack sizes (-Xss)
#   Set larger code cache with -XX:ReservedCodeCacheSize=
#   JVM is running with Unscaled Compressed Oops mode in which the Java heap is
#     placed in the first 4GB address space. The Java Heap base address is the
#     maximum limit for the native heap growth. Please use -XX:HeapBaseMinAddress
#     to set the Java Heap base and to place the Java Heap above 4GB virtual address.
# This output file may be truncated or incomplete.
#
#  Out of Memory Error (arena.cpp:162), pid=19420, tid=10948
#
# JRE version: OpenJDK Runtime Environment (24.0.2+12) (build 24.0.2+12-54)
# Java VM: OpenJDK 64-Bit Server VM (24.0.2+12-54, mixed mode, sharing, tiered, compressed oops, compressed class ptrs, g1 gc, windows-amd64)
# No core dump will be written. Minidumps are not enabled by default on client versions of Windows
#

---------------  S U M M A R Y ------------

Command Line: -javaagent:C:\Program Files\JetBrains\IntelliJ IDEA Community Edition 2024.1.4\lib\idea_rt.jar=52471:C:\Program Files\JetBrains\IntelliJ IDEA Community Edition 2024.1.4\bin -Dfile.encoding=UTF-8 -Dsun.stdout.encoding=UTF-8 -Dsun.stderr.encoding=UTF-8 com.dhruv.ordermanagement.OrderManagementApiApplication

Host: AMD Ryzen 5 PRO 3500U w/ Radeon Vega Mobile Gfx, 8 cores, 5G,  Windows 11 , 64 bit Build 26100 (10.0.26100.9168)
Time: Sun Sep 13 15:48:59 2026 India Standard Time elapsed time: 375.361566 seconds (0d 0h 6m 15s)

---------------  T H R E A D  ---------------

Current thread (0x000001cd3cf867f0):  JavaThread "C2 CompilerThread0" daemon [_thread_in_native, id=10948, stack(0x000000153c800000,0x000000153c900000) (1024K)]


Current CompileTask:
C2:375362 6582       4       org.springframework.boot.devtools.filewatch.FileSnapshot::hashCode (49 bytes)

Stack: [0x000000153c800000,0x000000153c900000]
Native frames: (J=compiled Java code, j=interpreted, Vv=VM code, C=native code)
V  [jvm.dll+0x730829]  (no source info available)
V  [jvm.dll+0x8d9da3]  (no source info available)
V  [jvm.dll+0x8dc28d]  (no source info available)
V  [jvm.dll+0x8dc903]  (no source info available)
V  [jvm.dll+0x2a9f56]  (no source info available)
V  [jvm.dll+0xced7f]  (no source info available)
V  [jvm.dll+0xcefdf]  (no source info available)
V  [jvm.dll+0x154c83]  (no source info available)
V  [jvm.dll+0x73604f]  (no source info available)
V  [jvm.dll+0x26f8dc]  (no source info available)
V  [jvm.dll+0x26e8ff]  (no source info available)
V  [jvm.dll+0x1e9c90]  (no source info available)
V  [jvm.dll+0x27e0cb]  (no source info available)
V  [jvm.dll+0x27c36a]  (no source info available)
V  [jvm.dll+0x42f396]  (no source info available)
V  [jvm.dll+0x87d9eb]  (no source info available)
V  [jvm.dll+0x72ef45]  (no source info available)
C  [ucrtbase.dll+0x2cd30]  (no source info available)
C  [KERNEL32.DLL+0x2ccb7]  (no source info available)
C  [ntdll.dll+0xaad6c]  (no source info available)

Lock stack of current Java thread (top to bottom):


---------------  P R O C E S S  ---------------

Threads class SMR info:
_java_thread_list=0x000001cd7f3664d0, length=30, elements={
0x000001cd3cf6e280, 0x000001cd3cf6e9c0, 0x000001cd3cf75e60, 0x000001cd3cf76990,
0x000001cd3cf774c0, 0x000001cd3cf82140, 0x000001cd3cf867f0, 0x000001cd3cf884b0,
0x000001cd7e161950, 0x000001cd7e6a2630, 0x000001cd7e5eabf0, 0x000001cd04c97fc0,
0x000001cd04c99d00, 0x000001cd04c98710, 0x000001cd04c9a450, 0x000001cd054ffda0,
0x000001cd054ff650, 0x000001cd054fe060, 0x000001cd054fe7b0, 0x000001cd055004f0,
0x000001cd05500c40, 0x000001cd04c995b0, 0x000001cd042631a0, 0x000001cd04264040,
0x000001cd042638f0, 0x000001cd04262a50, 0x000001cd04260d10, 0x000001cd04262300,
0x000001cd04261460, 0x000001cd04264790
}

Java Threads: ( => current thread )
  0x000001cd3cf6e280 JavaThread "Reference Handler"          daemon [_thread_blocked, id=21060, stack(0x000000153c200000,0x000000153c300000) (1024K)]
  0x000001cd3cf6e9c0 JavaThread "Finalizer"                  daemon [_thread_blocked, id=12564, stack(0x000000153c300000,0x000000153c400000) (1024K)]
  0x000001cd3cf75e60 JavaThread "Signal Dispatcher"          daemon [_thread_blocked, id=22784, stack(0x000000153c400000,0x000000153c500000) (1024K)]
  0x000001cd3cf76990 JavaThread "Attach Listener"            daemon [_thread_blocked, id=20224, stack(0x000000153c500000,0x000000153c600000) (1024K)]
  0x000001cd3cf774c0 JavaThread "Service Thread"             daemon [_thread_blocked, id=13856, stack(0x000000153c600000,0x000000153c700000) (1024K)]
  0x000001cd3cf82140 JavaThread "Monitor Deflation Thread"   daemon [_thread_blocked, id=10332, stack(0x000000153c700000,0x000000153c800000) (1024K)]
=>0x000001cd3cf867f0 JavaThread "C2 CompilerThread0"         daemon [_thread_in_native, id=10948, stack(0x000000153c800000,0x000000153c900000) (1024K)]
  0x000001cd3cf884b0 JavaThread "C1 CompilerThread0"         daemon [_thread_blocked, id=23260, stack(0x000000153c900000,0x000000153ca00000) (1024K)]
  0x000001cd7e161950 JavaThread "Common-Cleaner"             daemon [_thread_blocked, id=20208, stack(0x000000153cb00000,0x000000153cc00000) (1024K)]
  0x000001cd7e6a2630 JavaThread "Monitor Ctrl-Break"         daemon [_thread_in_native, id=23532, stack(0x000000153cc00000,0x000000153cd00000) (1024K)]
  0x000001cd7e5eabf0 JavaThread "Notification Thread"        daemon [_thread_blocked, id=3488, stack(0x000000153cd00000,0x000000153ce00000) (1024K)]
  0x000001cd04c97fc0 JavaThread "Catalina-utility-1"                [_thread_blocked, id=17156, stack(0x000000153d000000,0x000000153d100000) (1024K)]
  0x000001cd04c99d00 JavaThread "Catalina-utility-2"                [_thread_blocked, id=10656, stack(0x000000153d900000,0x000000153da00000) (1024K)]
  0x000001cd04c98710 JavaThread "container-0"                       [_thread_blocked, id=6920, stack(0x000000153da00000,0x000000153db00000) (1024K)]
  0x000001cd04c9a450 JavaThread "mysql-cj-abandoned-connection-cleanup" daemon [_thread_blocked, id=23436, stack(0x000000153db00000,0x000000153dc00000) (1024K)]
  0x000001cd054ffda0 JavaThread "HikariPool-1:housekeeper"   daemon [_thread_blocked, id=13084, stack(0x000000153dd00000,0x000000153de00000) (1024K)]
  0x000001cd054ff650 JavaThread "File Watcher"               daemon [_thread_blocked, id=9300, stack(0x000000153df00000,0x000000153e000000) (1024K)]
  0x000001cd054fe060 JavaThread "http-nio-8081-exec-1"       daemon [_thread_blocked, id=8788, stack(0x000000153e000000,0x000000153e100000) (1024K)]
  0x000001cd054fe7b0 JavaThread "http-nio-8081-exec-2"       daemon [_thread_blocked, id=18528, stack(0x000000153e100000,0x000000153e200000) (1024K)]
  0x000001cd055004f0 JavaThread "http-nio-8081-exec-3"       daemon [_thread_blocked, id=15320, stack(0x000000153e200000,0x000000153e300000) (1024K)]
  0x000001cd05500c40 JavaThread "http-nio-8081-exec-4"       daemon [_thread_blocked, id=18468, stack(0x000000153e300000,0x000000153e400000) (1024K)]
  0x000001cd04c995b0 JavaThread "http-nio-8081-exec-5"       daemon [_thread_blocked, id=2084, stack(0x000000153e400000,0x000000153e500000) (1024K)]
  0x000001cd042631a0 JavaThread "http-nio-8081-exec-6"       daemon [_thread_blocked, id=4468, stack(0x000000153e500000,0x000000153e600000) (1024K)]
  0x000001cd04264040 JavaThread "http-nio-8081-exec-7"       daemon [_thread_blocked, id=18332, stack(0x000000153e600000,0x000000153e700000) (1024K)]
  0x000001cd042638f0 JavaThread "http-nio-8081-exec-8"       daemon [_thread_blocked, id=22448, stack(0x000000153e700000,0x000000153e800000) (1024K)]
  0x000001cd04262a50 JavaThread "http-nio-8081-exec-9"       daemon [_thread_blocked, id=23512, stack(0x000000153e800000,0x000000153e900000) (1024K)]
  0x000001cd04260d10 JavaThread "http-nio-8081-exec-10"      daemon [_thread_blocked, id=10480, stack(0x000000153e900000,0x000000153ea00000) (1024K)]
  0x000001cd04262300 JavaThread "http-nio-8081-Poller"       daemon [_thread_in_native, id=9556, stack(0x000000153ea00000,0x000000153eb00000) (1024K)]
  0x000001cd04261460 JavaThread "http-nio-8081-Acceptor"     daemon [_thread_in_native, id=21084, stack(0x000000153eb00000,0x000000153ec00000) (1024K)]
  0x000001cd04264790 JavaThread "DestroyJavaVM"                     [_thread_blocked, id=21700, stack(0x000000153ba00000,0x000000153bb00000) (1024K)]
Total: 30

Other Threads:
  0x000001cd3cf5fc50 VMThread "VM Thread"                           [id=17700, stack(0x000000153c100000,0x000000153c200000) (1024K)]
  0x000001cd3cf51620 WatcherThread "VM Periodic Task Thread"        [id=6340, stack(0x000000153c000000,0x000000153c100000) (1024K)]
  0x000001cd20a90040 WorkerThread "GC Thread#0"                     [id=21372, stack(0x000000153bb00000,0x000000153bc00000) (1024K)]
  0x000001cd7f32ef70 WorkerThread "GC Thread#1"                     [id=13744, stack(0x000000153d100000,0x000000153d200000) (1024K)]
  0x000001cd7f1b7ea0 WorkerThread "GC Thread#2"                     [id=21420, stack(0x000000153d200000,0x000000153d300000) (1024K)]
  0x000001cd7f1b8250 WorkerThread "GC Thread#3"                     [id=14172, stack(0x000000153d300000,0x000000153d400000) (1024K)]
  0x000001cd7f1aef70 WorkerThread "GC Thread#4"                     [id=11752, stack(0x000000153d400000,0x000000153d500000) (1024K)]
  0x000001cd7f1af320 WorkerThread "GC Thread#5"                     [id=22972, stack(0x000000153d500000,0x000000153d600000) (1024K)]
  0x000001cd7f32c280 WorkerThread "GC Thread#6"                     [id=20836, stack(0x000000153d600000,0x000000153d700000) (1024K)]
  0x000001cd7f32cab0 WorkerThread "GC Thread#7"                     [id=20988, stack(0x000000153d700000,0x000000153d800000) (1024K)]
  0x000001cd20a9fcd0 ConcurrentGCThread "G1 Main Marker"            [id=23360, stack(0x000000153bc00000,0x000000153bd00000) (1024K)]
  0x000001cd20aa16d0 WorkerThread "G1 Conc#0"                       [id=20868, stack(0x000000153bd00000,0x000000153be00000) (1024K)]
  0x000001cd7f2bcf00 WorkerThread "G1 Conc#1"                       [id=15184, stack(0x000000153d800000,0x000000153d900000) (1024K)]
  0x000001cd3ce129f0 ConcurrentGCThread "G1 Refine#0"               [id=20264, stack(0x000000153be00000,0x000000153bf00000) (1024K)]
  0x000001cd3ce14420 ConcurrentGCThread "G1 Service"                [id=16332, stack(0x000000153bf00000,0x000000153c000000) (1024K)]
Total: 15

Threads with active compile tasks:
C2 CompilerThread0  375684 6582       4       org.springframework.boot.devtools.filewatch.FileSnapshot::hashCode (49 bytes)
Total: 1

VM state: not at safepoint (normal execution)

VM Mutex/Monitor currently owned by a thread: None

Heap address: 0x00000000a1800000, size: 1512 MB, Compressed Oops mode: 32-bit

CDS archive(s) mapped at: [0x000001cd3d000000-0x000001cd3dd40000-0x000001cd3dd40000), size 13893632, SharedBaseAddress: 0x000001cd3d000000, ArchiveRelocationMode: 1.
Compressed class space mapped at: 0x000001cd3e000000-0x000001cd7e000000, reserved size: 1073741824
UseCompressedClassPointers 1, UseCompactObjectHeaders 0
Narrow klass pointer bits 32, Max shift 3
Narrow klass base: 0x000001cd3d000000, Narrow klass shift: 0
Encoding Range: [0x000001cd3d000000 - 0x000001ce3d000000), (4294967296 bytes)
Klass Range:    [0x000001cd3d000000 - 0x000001cd7e000000), (1090519040 bytes)
Klass ID Range:  [8 - 1090519033) (1090519025)

GC Precious Log:
 CardTable entry size: 512
 Card Set container configuration: InlinePtr #cards 5 size 8 Array Of Cards #cards 10 size 36 Howl #buckets 4 coarsen threshold 1843 Howl Bitmap #cards 512 size 80 coarsen threshold 460 Card regions per heap region 1 cards per card region 2048
 CPUs: 8 total, 8 available
 Memory: 6045M
 Large Page Support: Disabled
 NUMA Support: Disabled
 Compressed Oops: Enabled (32-bit)
 Heap Region Size: 1M
 Heap Min Capacity: 8M
 Heap Initial Capacity: 96M
 Heap Max Capacity: 1512M
 Pre-touch: Disabled
 Parallel Workers: 8
 Concurrent Workers: 2
 Concurrent Refinement Workers: 8
 Periodic GC: Disabled

Heap:
 garbage-first heap   total reserved 1548288K, committed 54272K, used 35673K [0x00000000a1800000, 0x0000000100000000)
  region size 1024K, 8 young (8192K), 2 survivors (2048K)
 Metaspace       used 72752K, committed 73408K, reserved 1114112K
  class space    used 7906K, committed 8192K, reserved 1048576K

Heap Regions: E=young(eden), S=young(survivor), O=old, HS=humongous(starts), HC=humongous(continues), CS=collection set, F=free, TAMS=top-at-mark-start, PB=parsable bottom
|   0|0x00000000a1800000, 0x00000000a1900000, 0x00000000a1900000|100%|HS|  |TAMS 0x00000000a1800000| PB 0x00000000a1800000| Complete |  0
|   1|0x00000000a1900000, 0x00000000a1a00000, 0x00000000a1a00000|100%| O|  |TAMS 0x00000000a1900000| PB 0x00000000a1900000| Untracked |  0
|   2|0x00000000a1a00000, 0x00000000a1b00000, 0x00000000a1b00000|100%| O|  |TAMS 0x00000000a1a00000| PB 0x00000000a1a00000| Untracked |  0
|   3|0x00000000a1b00000, 0x00000000a1c00000, 0x00000000a1c00000|100%| O|  |TAMS 0x00000000a1b00000| PB 0x00000000a1b00000| Untracked |  0
|   4|0x00000000a1c00000, 0x00000000a1d00000, 0x00000000a1d00000|100%| O|  |TAMS 0x00000000a1c00000| PB 0x00000000a1c00000| Untracked |  0
|   5|0x00000000a1d00000, 0x00000000a1e00000, 0x00000000a1e00000|100%| O|  |TAMS 0x00000000a1d00000| PB 0x00000000a1d00000| Untracked |  0
|   6|0x00000000a1e00000, 0x00000000a1f00000, 0x00000000a1f00000|100%| O|  |TAMS 0x00000000a1e00000| PB 0x00000000a1e00000| Untracked |  0
|   7|0x00000000a1f00000, 0x00000000a2000000, 0x00000000a2000000|100%| O|  |TAMS 0x00000000a1f00000| PB 0x00000000a1f00000| Untracked |  0
|   8|0x00000000a2000000, 0x00000000a2100000, 0x00000000a2100000|100%| O|  |TAMS 0x00000000a2000000| PB 0x00000000a2000000| Untracked |  0
|   9|0x00000000a2100000, 0x00000000a2200000, 0x00000000a2200000|100%| O|  |TAMS 0x00000000a2100000| PB 0x00000000a2100000| Untracked |  0
|  10|0x00000000a2200000, 0x00000000a2300000, 0x00000000a2300000|100%| O|  |TAMS 0x00000000a2200000| PB 0x00000000a2200000| Untracked |  0
|  11|0x00000000a2300000, 0x00000000a2400000, 0x00000000a2400000|100%| O|Cm|TAMS 0x00000000a2300000| PB 0x00000000a2300000| Complete |  0
|  12|0x00000000a2400000, 0x00000000a2500000, 0x00000000a2500000|100%| O|  |TAMS 0x00000000a2400000| PB 0x00000000a2400000| Untracked |  0
|  13|0x00000000a2500000, 0x00000000a2600000, 0x00000000a2600000|100%| O|  |TAMS 0x00000000a2500000| PB 0x00000000a2500000| Untracked |  0
|  14|0x00000000a2600000, 0x00000000a2700000, 0x00000000a2700000|100%| O|  |TAMS 0x00000000a2600000| PB 0x00000000a2600000| Untracked |  0
|  15|0x00000000a2700000, 0x00000000a2800000, 0x00000000a2800000|100%| O|  |TAMS 0x00000000a2700000| PB 0x00000000a2700000| Untracked |  0
|  16|0x00000000a2800000, 0x00000000a2900000, 0x00000000a2900000|100%| O|  |TAMS 0x00000000a2800000| PB 0x00000000a2800000| Untracked |  0
|  17|0x00000000a2900000, 0x00000000a2a00000, 0x00000000a2a00000|100%| O|Cm|TAMS 0x00000000a2900000| PB 0x00000000a2900000| Complete |  0
|  18|0x00000000a2a00000, 0x00000000a2b00000, 0x00000000a2b00000|100%| O|  |TAMS 0x00000000a2a00000| PB 0x00000000a2a00000| Untracked |  0
|  19|0x00000000a2b00000, 0x00000000a2c00000, 0x00000000a2c00000|100%| O|  |TAMS 0x00000000a2b00000| PB 0x00000000a2b00000| Untracked |  0
|  20|0x00000000a2c00000, 0x00000000a2d00000, 0x00000000a2d00000|100%| O|  |TAMS 0x00000000a2c00000| PB 0x00000000a2c00000| Untracked |  0
|  21|0x00000000a2d00000, 0x00000000a2e00000, 0x00000000a2e00000|100%| O|  |TAMS 0x00000000a2d00000| PB 0x00000000a2d00000| Untracked |  0
|  22|0x00000000a2e00000, 0x00000000a2f00000, 0x00000000a2f00000|100%| O|  |TAMS 0x00000000a2e00000| PB 0x00000000a2e00000| Untracked |  0
|  23|0x00000000a2f00000, 0x00000000a3000000, 0x00000000a3000000|100%| O|  |TAMS 0x00000000a2f00000| PB 0x00000000a2f00000| Untracked |  0
|  24|0x00000000a3000000, 0x00000000a3100000, 0x00000000a3100000|100%| O|  |TAMS 0x00000000a3000000| PB 0x00000000a3000000| Untracked |  0
|  25|0x00000000a3100000, 0x00000000a3200000, 0x00000000a3200000|100%| O|  |TAMS 0x00000000a3100000| PB 0x00000000a3100000| Untracked |  0
|  26|0x00000000a3200000, 0x00000000a32f26f0, 0x00000000a3300000| 94%| O|  |TAMS 0x00000000a3200000| PB 0x00000000a3200000| Untracked |  0
|  27|0x00000000a3300000, 0x00000000a3300000, 0x00000000a3400000|  0%| F|  |TAMS 0x00000000a3300000| PB 0x00000000a3300000| Untracked |  0
|  28|0x00000000a3400000, 0x00000000a3400000, 0x00000000a3500000|  0%| F|  |TAMS 0x00000000a3400000| PB 0x00000000a3400000| Untracked |  0
|  29|0x00000000a3500000, 0x00000000a35e3d70, 0x00000000a3600000| 88%| S|CS|TAMS 0x00000000a3500000| PB 0x00000000a3500000| Complete |  0
|  30|0x00000000a3600000, 0x00000000a3600000, 0x00000000a3700000|  0%| F|  |TAMS 0x00000000a3600000| PB 0x00000000a3600000| Untracked |  0
|  31|0x00000000a3700000, 0x00000000a3700000, 0x00000000a3800000|  0%| F|  |TAMS 0x00000000a3700000| PB 0x00000000a3700000| Untracked |  0
|  32|0x00000000a3800000, 0x00000000a3800000, 0x00000000a3900000|  0%| F|  |TAMS 0x00000000a3800000| PB 0x00000000a3800000| Untracked |  0
|  33|0x00000000a3900000, 0x00000000a3a00000, 0x00000000a3a00000|100%| S|CS|TAMS 0x00000000a3900000| PB 0x00000000a3900000| Complete |  0
|  34|0x00000000a3a00000, 0x00000000a3a00000, 0x00000000a3b00000|  0%| F|  |TAMS 0x00000000a3a00000| PB 0x00000000a3a00000| Untracked |  0
|  35|0x00000000a3b00000, 0x00000000a3b00000, 0x00000000a3c00000|  0%| F|  |TAMS 0x00000000a3b00000| PB 0x00000000a3b00000| Untracked |  0
|  36|0x00000000a3c00000, 0x00000000a3c00000, 0x00000000a3d00000|  0%| F|  |TAMS 0x00000000a3c00000| PB 0x00000000a3c00000| Untracked |  0
|  37|0x00000000a3d00000, 0x00000000a3d00000, 0x00000000a3e00000|  0%| F|  |TAMS 0x00000000a3d00000| PB 0x00000000a3d00000| Untracked |  0
|  38|0x00000000a3e00000, 0x00000000a3e00000, 0x00000000a3f00000|  0%| F|  |TAMS 0x00000000a3e00000| PB 0x00000000a3e00000| Untracked |  0
|  39|0x00000000a3f00000, 0x00000000a3f00000, 0x00000000a4000000|  0%| F|  |TAMS 0x00000000a3f00000| PB 0x00000000a3f00000| Untracked |  0
|  40|0x00000000a4000000, 0x00000000a4000000, 0x00000000a4100000|  0%| F|  |TAMS 0x00000000a4000000| PB 0x00000000a4000000| Untracked |  0
|  41|0x00000000a4100000, 0x00000000a4100000, 0x00000000a4200000|  0%| F|  |TAMS 0x00000000a4100000| PB 0x00000000a4100000| Untracked |  0
|  42|0x00000000a4200000, 0x00000000a4200000, 0x00000000a4300000|  0%| F|  |TAMS 0x00000000a4200000| PB 0x00000000a4200000| Untracked |  0
|  43|0x00000000a4300000, 0x00000000a4300000, 0x00000000a4400000|  0%| F|  |TAMS 0x00000000a4300000| PB 0x00000000a4300000| Untracked |  0
|  44|0x00000000a4400000, 0x00000000a4400000, 0x00000000a4500000|  0%| F|  |TAMS 0x00000000a4400000| PB 0x00000000a4400000| Untracked |  0
|  45|0x00000000a4500000, 0x00000000a4500000, 0x00000000a4600000|  0%| F|  |TAMS 0x00000000a4500000| PB 0x00000000a4500000| Untracked |  0
|  46|0x00000000a4600000, 0x00000000a465bc28, 0x00000000a4700000| 35%| E|  |TAMS 0x00000000a4600000| PB 0x00000000a4600000| Complete |  0
|  57|0x00000000a5100000, 0x00000000a5200000, 0x00000000a5200000|100%| E|CS|TAMS 0x00000000a5100000| PB 0x00000000a5100000| Complete |  0
|  58|0x00000000a5200000, 0x00000000a5300000, 0x00000000a5300000|100%| E|CS|TAMS 0x00000000a5200000| PB 0x00000000a5200000| Complete |  0
|  59|0x00000000a5300000, 0x00000000a5400000, 0x00000000a5400000|100%| E|CS|TAMS 0x00000000a5300000| PB 0x00000000a5300000| Complete |  0
|  95|0x00000000a7700000, 0x00000000a7800000, 0x00000000a7800000|100%| E|CS|TAMS 0x00000000a7700000| PB 0x00000000a7700000| Complete |  0
|1510|0x00000000ffe00000, 0x00000000fff00000, 0x00000000fff00000|100%| O|  |TAMS 0x00000000ffe00000| PB 0x00000000ffe00000| Untracked |  0
|1511|0x00000000fff00000, 0x0000000100000000, 0x0000000100000000|100%| E|CS|TAMS 0x00000000fff00000| PB 0x00000000fff00000| Complete |  0

Card table byte_map: [0x000001cd38a20000,0x000001cd38d20000] _byte_map_base: 0x000001cd38514000

Marking Bits: (CMBitMap*) 0x000001cd20a90750
 Bits: [0x000001cd38d20000, 0x000001cd3a4c0000)

Polling page: 0x000001cd20210000

Metaspace:

Usage:
  Non-class:     63.33 MB used.
      Class:      7.72 MB used.
       Both:     71.05 MB used.

Virtual space:
  Non-class space:       64.00 MB reserved,      63.69 MB (>99%) committed,  1 nodes.
      Class space:        1.00 GB reserved,       8.00 MB ( <1%) committed,  1 nodes.
             Both:        1.06 GB reserved,      71.69 MB (  7%) committed. 

Chunk freelists:
   Non-Class:  172.00 KB
       Class:  7.86 MB
        Both:  8.03 MB

MaxMetaspaceSize: unlimited
CompressedClassSpaceSize: 1.00 GB
Initial GC threshold: 21.00 MB
Current GC threshold: 119.00 MB
CDS: on
 - commit_granule_bytes: 65536.
 - commit_granule_words: 8192.
 - virtual_space_node_default_size: 8388608.
 - enlarge_chunks_in_place: 1.
UseCompressedClassPointers 1, UseCompactObjectHeaders 0
Narrow klass pointer bits 32, Max shift 3
Narrow klass base: 0x000001cd3d000000, Narrow klass shift: 0
Encoding Range: [0x000001cd3d000000 - 0x000001ce3d000000), (4294967296 bytes)
Klass Range:    [0x000001cd3d000000 - 0x000001cd7e000000), (1090519040 bytes)
Klass ID Range:  [8 - 1090519033) (1090519025)


Internal statistics:

num_allocs_failed_limit: 11.
num_arena_births: 778.
num_arena_deaths: 0.
num_vsnodes_births: 2.
num_vsnodes_deaths: 0.
num_space_committed: 1147.
num_space_uncommitted: 0.
num_chunks_returned_to_freelist: 11.
num_chunks_taken_from_freelist: 3221.
num_chunk_merges: 11.
num_chunk_splits: 2358.
num_chunks_enlarged: 1916.
num_inconsistent_stats: 0.

CodeHeap 'non-profiled nmethods': size=120064Kb used=2816Kb max_used=2894Kb free=117247Kb
 bounds [0x000001cd30da0000, 0x000001cd31080000, 0x000001cd382e0000]
CodeHeap 'profiled nmethods': size=120000Kb used=9454Kb max_used=9510Kb free=110545Kb
 bounds [0x000001cd292e0000, 0x000001cd29c30000, 0x000001cd30810000]
CodeHeap 'non-nmethods': size=5696Kb used=1618Kb max_used=1724Kb free=4077Kb
 bounds [0x000001cd30810000, 0x000001cd30a80000, 0x000001cd30da0000]
CodeCache: size=245760Kb, used=13888Kb, max_used=14128Kb, free=231869Kb
 total_blobs=6407, nmethods=5642, adapters=669, full_count=0
Compilation: enabled, stopped_count=0, restarted_count=0

Compilation events (20 events):
Event: 309.450 Thread 0x000001cd3cf884b0 nmethod 6572 0x000001cd29410408 code [0x000001cd294105a0, 0x000001cd29410de8]
Event: 327.693 Thread 0x000001cd3cf884b0 6573       1       org.apache.catalina.webresources.CachedResource::getNextCheck (5 bytes)
Event: 327.694 Thread 0x000001cd3cf884b0 nmethod 6573 0x000001cd30e04808 code [0x000001cd30e04900, 0x000001cd30e049d0]
Event: 327.972 Thread 0x000001cd3cf884b0 6574       3       com.mysql.cj.protocol.a.MultiPacketReader::readMessage (154 bytes)
Event: 327.994 Thread 0x000001cd3cf884b0 nmethod 6574 0x000001cd2964ad08 code [0x000001cd2964af80, 0x000001cd2964c0c0]
Event: 327.994 Thread 0x000001cd3cf884b0 6575       3       com.mysql.cj.protocol.a.TimeTrackingPacketReader::readMessage (10 bytes)
Event: 327.994 Thread 0x000001cd3cf884b0 nmethod 6575 0x000001cd2964a708 code [0x000001cd2964a840, 0x000001cd2964ac58]
Event: 327.994 Thread 0x000001cd3cf884b0 6576       3       com.mysql.cj.protocol.a.TimeTrackingPacketReader::readMessage (24 bytes)
Event: 327.994 Thread 0x000001cd3cf884b0 nmethod 6576 0x000001cd2940fe88 code [0x000001cd2940ffc0, 0x000001cd294102a8]
Event: 334.979 Thread 0x000001cd3cf884b0 6577       3       java.net.Socket::isClosed (13 bytes)
Event: 334.979 Thread 0x000001cd3cf884b0 nmethod 6577 0x000001cd29747b08 code [0x000001cd29747c20, 0x000001cd29747d58]
Event: 335.367 Thread 0x000001cd3cf884b0 6578       3       com.sun.crypto.provider.GaloisCounterMode$GCMEngine::<init> (132 bytes)
Event: 335.426 Thread 0x000001cd3cf884b0 nmethod 6578 0x000001cd29649a08 code [0x000001cd29649bc0, 0x000001cd2964a488]
Event: 338.009 Thread 0x000001cd3cf884b0 6579   !   3       java.net.Socket::getImpl (115 bytes)
Event: 338.039 Thread 0x000001cd3cf884b0 nmethod 6579 0x000001cd29af8e08 code [0x000001cd29af9060, 0x000001cd29afa328]
Event: 338.943 Thread 0x000001cd3cf884b0 6580       3       sun.security.ssl.Plaintext::<init> (43 bytes)
Event: 338.946 Thread 0x000001cd3cf884b0 nmethod 6580 0x000001cd29af8a88 code [0x000001cd29af8ba0, 0x000001cd29af8db0]
Event: 367.161 Thread 0x000001cd3cf867f0 6581       4       java.util.LinkedHashMap::<init> (15 bytes)
Event: 367.175 Thread 0x000001cd3cf867f0 nmethod 6581 0x000001cd30e04508 code [0x000001cd30e04600, 0x000001cd30e04688]
Event: 375.321 Thread 0x000001cd3cf867f0 6582       4       org.springframework.boot.devtools.filewatch.FileSnapshot::hashCode (49 bytes)

GC Heap History (20 events):
Event: 6.918 GC heap before
{Heap before GC invocations=4 (full 0):
 garbage-first heap   total reserved 1548288K, committed 54272K, used 38288K [0x00000000a1800000, 0x0000000100000000)
  region size 1024K, 28 young (28672K), 6 survivors (6144K)
 Metaspace       used 29610K, committed 30016K, reserved 1114112K
  class space    used 3064K, committed 3264K, reserved 1048576K
}
Event: 6.927 GC heap after
{Heap after GC invocations=5 (full 0):
 garbage-first heap   total reserved 1548288K, committed 54272K, used 18052K [0x00000000a1800000, 0x0000000100000000)
  region size 1024K, 3 young (3072K), 3 survivors (3072K)
 Metaspace       used 29610K, committed 30016K, reserved 1114112K
  class space    used 3064K, committed 3264K, reserved 1048576K
}
Event: 7.720 GC heap before
{Heap before GC invocations=5 (full 0):
 garbage-first heap   total reserved 1548288K, committed 54272K, used 40580K [0x00000000a1800000, 0x0000000100000000)
  region size 1024K, 25 young (25600K), 3 survivors (3072K)
 Metaspace       used 33117K, committed 33536K, reserved 1114112K
  class space    used 3478K, committed 3648K, reserved 1048576K
}
Event: 7.726 GC heap after
{Heap after GC invocations=6 (full 0):
 garbage-first heap   total reserved 1548288K, committed 54272K, used 20212K [0x00000000a1800000, 0x0000000100000000)
  region size 1024K, 2 young (2048K), 2 survivors (2048K)
 Metaspace       used 33117K, committed 33536K, reserved 1114112K
  class space    used 3478K, committed 3648K, reserved 1048576K
}
Event: 8.162 GC heap before
{Heap before GC invocations=6 (full 0):
 garbage-first heap   total reserved 1548288K, committed 54272K, used 28404K [0x00000000a1800000, 0x0000000100000000)
  region size 1024K, 12 young (12288K), 2 survivors (2048K)
 Metaspace       used 35493K, committed 35968K, reserved 1114112K
  class space    used 3667K, committed 3904K, reserved 1048576K
}
Event: 8.166 GC heap after
{Heap after GC invocations=7 (full 0):
 garbage-first heap   total reserved 1548288K, committed 54272K, used 20975K [0x00000000a1800000, 0x0000000100000000)
  region size 1024K, 1 young (1024K), 1 survivors (1024K)
 Metaspace       used 35493K, committed 35968K, reserved 1114112K
  class space    used 3667K, committed 3904K, reserved 1048576K
}
Event: 9.155 GC heap before
{Heap before GC invocations=8 (full 0):
 garbage-first heap   total reserved 1548288K, committed 54272K, used 43503K [0x00000000a1800000, 0x0000000100000000)
  region size 1024K, 23 young (23552K), 1 survivors (1024K)
 Metaspace       used 41353K, committed 41856K, reserved 1114112K
  class space    used 4397K, committed 4608K, reserved 1048576K
}
Event: 9.159 GC heap after
{Heap after GC invocations=9 (full 0):
 garbage-first heap   total reserved 1548288K, committed 54272K, used 22376K [0x00000000a1800000, 0x0000000100000000)
  region size 1024K, 3 young (3072K), 3 survivors (3072K)
 Metaspace       used 41353K, committed 41856K, reserved 1114112K
  class space    used 4397K, committed 4608K, reserved 1048576K
}
Event: 10.374 GC heap before
{Heap before GC invocations=9 (full 0):
 garbage-first heap   total reserved 1548288K, committed 54272K, used 43880K [0x00000000a1800000, 0x0000000100000000)
  region size 1024K, 24 young (24576K), 3 survivors (3072K)
 Metaspace       used 51301K, committed 51776K, reserved 1114112K
  class space    used 5399K, committed 5632K, reserved 1048576K
}
Event: 10.380 GC heap after
{Heap after GC invocations=10 (full 0):
 garbage-first heap   total reserved 1548288K, committed 54272K, used 24369K [0x00000000a1800000, 0x0000000100000000)
  region size 1024K, 3 young (3072K), 3 survivors (3072K)
 Metaspace       used 51301K, committed 51776K, reserved 1114112K
  class space    used 5399K, committed 5632K, reserved 1048576K
}
Event: 11.100 GC heap before
{Heap before GC invocations=10 (full 0):
 garbage-first heap   total reserved 1548288K, committed 54272K, used 45873K [0x00000000a1800000, 0x0000000100000000)
  region size 1024K, 24 young (24576K), 3 survivors (3072K)
 Metaspace       used 55709K, committed 56192K, reserved 1114112K
  class space    used 5857K, committed 6080K, reserved 1048576K
}
Event: 11.104 GC heap after
{Heap after GC invocations=11 (full 0):
 garbage-first heap   total reserved 1548288K, committed 54272K, used 26194K [0x00000000a1800000, 0x0000000100000000)
  region size 1024K, 2 young (2048K), 2 survivors (2048K)
 Metaspace       used 55709K, committed 56192K, reserved 1114112K
  class space    used 5857K, committed 6080K, reserved 1048576K
}
Event: 11.484 GC heap before
{Heap before GC invocations=11 (full 0):
 garbage-first heap   total reserved 1548288K, committed 54272K, used 35410K [0x00000000a1800000, 0x0000000100000000)
  region size 1024K, 13 young (13312K), 2 survivors (2048K)
 Metaspace       used 59692K, committed 60160K, reserved 1114112K
  class space    used 6207K, committed 6400K, reserved 1048576K
}
Event: 11.488 GC heap after
{Heap after GC invocations=12 (full 0):
 garbage-first heap   total reserved 1548288K, committed 54272K, used 26525K [0x00000000a1800000, 0x0000000100000000)
  region size 1024K, 2 young (2048K), 2 survivors (2048K)
 Metaspace       used 59692K, committed 60160K, reserved 1114112K
  class space    used 6207K, committed 6400K, reserved 1048576K
}
Event: 12.351 GC heap before
{Heap before GC invocations=13 (full 0):
 garbage-first heap   total reserved 1548288K, committed 54272K, used 47005K [0x00000000a1800000, 0x0000000100000000)
  region size 1024K, 23 young (23552K), 2 survivors (2048K)
 Metaspace       used 66035K, committed 66560K, reserved 1114112K
  class space    used 7156K, committed 7360K, reserved 1048576K
}
Event: 12.354 GC heap after
{Heap after GC invocations=14 (full 0):
 garbage-first heap   total reserved 1548288K, committed 54272K, used 27404K [0x00000000a1800000, 0x0000000100000000)
  region size 1024K, 2 young (2048K), 2 survivors (2048K)
 Metaspace       used 66035K, committed 66560K, reserved 1114112K
  class space    used 7156K, committed 7360K, reserved 1048576K
}
Event: 13.200 GC heap before
{Heap before GC invocations=14 (full 0):
 garbage-first heap   total reserved 1548288K, committed 54272K, used 46860K [0x00000000a1800000, 0x0000000100000000)
  region size 1024K, 21 young (21504K), 2 survivors (2048K)
 Metaspace       used 68626K, committed 69248K, reserved 1114112K
  class space    used 7469K, committed 7744K, reserved 1048576K
}
Event: 13.205 GC heap after
{Heap after GC invocations=15 (full 0):
 garbage-first heap   total reserved 1548288K, committed 54272K, used 28669K [0x00000000a1800000, 0x0000000100000000)
  region size 1024K, 3 young (3072K), 3 survivors (3072K)
 Metaspace       used 68626K, committed 69248K, reserved 1114112K
  class space    used 7469K, committed 7744K, reserved 1048576K
}
Event: 26.788 GC heap before
{Heap before GC invocations=15 (full 0):
 garbage-first heap   total reserved 1548288K, committed 54272K, used 46077K [0x00000000a1800000, 0x0000000100000000)
  region size 1024K, 21 young (21504K), 3 survivors (3072K)
 Metaspace       used 72184K, committed 72832K, reserved 1114112K
  class space    used 7845K, committed 8128K, reserved 1048576K
}
Event: 26.797 GC heap after
{Heap after GC invocations=16 (full 0):
 garbage-first heap   total reserved 1548288K, committed 54272K, used 30553K [0x00000000a1800000, 0x0000000100000000)
  region size 1024K, 2 young (2048K), 2 survivors (2048K)
 Metaspace       used 72184K, committed 72832K, reserved 1114112K
  class space    used 7845K, committed 8128K, reserved 1048576K
}

Dll operation events (13 events):
Event: 0.023 Loaded shared library C:\Users\HP\.jdks\openjdk-24.0.2+12-54\bin\java.dll
Event: 0.068 Loaded shared library C:\Users\HP\.jdks\openjdk-24.0.2+12-54\bin\jsvml.dll
Event: 0.275 Loaded shared library C:\Users\HP\.jdks\openjdk-24.0.2+12-54\bin\zip.dll
Event: 0.282 Loaded shared library C:\Users\HP\.jdks\openjdk-24.0.2+12-54\bin\instrument.dll
Event: 0.293 Loaded shared library C:\Users\HP\.jdks\openjdk-24.0.2+12-54\bin\net.dll
Event: 0.297 Loaded shared library C:\Users\HP\.jdks\openjdk-24.0.2+12-54\bin\nio.dll
Event: 0.302 Loaded shared library C:\Users\HP\.jdks\openjdk-24.0.2+12-54\bin\zip.dll
Event: 1.171 Loaded shared library C:\Users\HP\.jdks\openjdk-24.0.2+12-54\bin\jimage.dll
Event: 1.328 Loaded shared library C:\Program Files\JetBrains\IntelliJ IDEA Community Edition 2024.1.4\bin\breakgen64.dll
Event: 1.356 Loaded shared library C:\Users\HP\.jdks\openjdk-24.0.2+12-54\bin\extnet.dll
Event: 2.195 Loaded shared library C:\Users\HP\.jdks\openjdk-24.0.2+12-54\bin\management.dll
Event: 2.198 Loaded shared library C:\Users\HP\.jdks\openjdk-24.0.2+12-54\bin\management_ext.dll
Event: 4.670 Loaded shared library C:\Users\HP\.jdks\openjdk-24.0.2+12-54\bin\sunmscapi.dll

Deoptimization events (20 events):
Event: 26.640 Thread 0x000001cd054fe060 Uncommon trap: trap_request=0xffffffc6 fr.pc=0x000001cd30fec01c relative=0x000000000000007c
Event: 26.640 Thread 0x000001cd054fe060 Uncommon trap: reason=bimorphic_or_optimized_type_check action=maybe_recompile pc=0x000001cd30fec01c method=java.lang.CharSequence.isEmpty()Z @ 1 c2
Event: 26.640 Thread 0x000001cd054fe060 DEOPT PACKING pc=0x000001cd30fec01c sp=0x000000153e0febb0
Event: 26.640 Thread 0x000001cd054fe060 DEOPT UNPACKING pc=0x000001cd30923d02 sp=0x000000153e0feb50 mode 2
Event: 26.672 Thread 0x000001cd054fe060 Uncommon trap: trap_request=0xffffff4d fr.pc=0x000001cd30f748e4 relative=0x00000000000001a4
Event: 26.672 Thread 0x000001cd054fe060 Uncommon trap: reason=unstable_if action=reinterpret pc=0x000001cd30f748e4 method=java.lang.ThreadLocal$ThreadLocalMap.nextIndex(II)I @ 4 c2
Event: 26.672 Thread 0x000001cd054fe060 DEOPT PACKING pc=0x000001cd30f748e4 sp=0x000000153e0fe180
Event: 26.672 Thread 0x000001cd054fe060 DEOPT UNPACKING pc=0x000001cd30923d02 sp=0x000000153e0fdfa8 mode 2
Event: 28.725 Thread 0x000001cd054fe7b0 Uncommon trap: trap_request=0xffffffc6 fr.pc=0x000001cd30fec01c relative=0x000000000000007c
Event: 28.725 Thread 0x000001cd054fe7b0 Uncommon trap: reason=bimorphic_or_optimized_type_check action=maybe_recompile pc=0x000001cd30fec01c method=java.lang.CharSequence.isEmpty()Z @ 1 c2
Event: 28.725 Thread 0x000001cd054fe7b0 DEOPT PACKING pc=0x000001cd30fec01c sp=0x000000153e1febc0
Event: 28.725 Thread 0x000001cd054fe7b0 DEOPT UNPACKING pc=0x000001cd30923d02 sp=0x000000153e1feb60 mode 2
Event: 28.950 Thread 0x000001cd055004f0 Uncommon trap: trap_request=0xffffffc6 fr.pc=0x000001cd30fec01c relative=0x000000000000007c
Event: 28.950 Thread 0x000001cd055004f0 Uncommon trap: reason=bimorphic_or_optimized_type_check action=maybe_recompile pc=0x000001cd30fec01c method=java.lang.CharSequence.isEmpty()Z @ 1 c2
Event: 28.950 Thread 0x000001cd055004f0 DEOPT PACKING pc=0x000001cd30fec01c sp=0x000000153e2fed00
Event: 28.950 Thread 0x000001cd055004f0 DEOPT UNPACKING pc=0x000001cd30923d02 sp=0x000000153e2feca0 mode 2
Event: 29.177 Thread 0x000001cd05500c40 Uncommon trap: trap_request=0xffffffc6 fr.pc=0x000001cd30fec01c relative=0x000000000000007c
Event: 29.177 Thread 0x000001cd05500c40 Uncommon trap: reason=bimorphic_or_optimized_type_check action=maybe_recompile pc=0x000001cd30fec01c method=java.lang.CharSequence.isEmpty()Z @ 1 c2
Event: 29.177 Thread 0x000001cd05500c40 DEOPT PACKING pc=0x000001cd30fec01c sp=0x000000153e3fead0
Event: 29.177 Thread 0x000001cd05500c40 DEOPT UNPACKING pc=0x000001cd30923d02 sp=0x000000153e3fea70 mode 2

Classes loaded (20 events):
Event: 26.509 Loading class java/util/concurrent/Semaphore$Sync done
Event: 26.509 Loading class java/util/concurrent/Semaphore$NonfairSync done
Event: 26.509 Loading class sun/nio/ch/SocketAdaptor
Event: 26.511 Loading class sun/nio/ch/SocketAdaptor done
Event: 26.511 Loading class sun/nio/ch/SocketChannelImpl$DefaultOptionsHolder
Event: 26.511 Loading class sun/nio/ch/SocketChannelImpl$DefaultOptionsHolder done
Event: 26.514 Loading class sun/nio/ch/SelectionKeyImpl
Event: 26.515 Loading class java/nio/channels/spi/AbstractSelectionKey
Event: 26.516 Loading class java/nio/channels/SelectionKey
Event: 26.516 Loading class java/nio/channels/SelectionKey done
Event: 26.516 Loading class java/nio/channels/spi/AbstractSelectionKey done
Event: 26.516 Loading class sun/nio/ch/SelectionKeyImpl done
Event: 26.517 Loading class java/lang/invoke/ConstantBootstraps
Event: 26.517 Loading class java/lang/invoke/ConstantBootstraps done
Event: 26.605 Loading class java/io/Reader$2
Event: 26.606 Loading class java/io/Reader$2 done
Event: 26.871 Loading class java/time/format/DateTimeFormatterBuilder$ZoneTextPrinterParser
Event: 26.872 Loading class java/time/format/DateTimeFormatterBuilder$ZoneTextPrinterParser done
Event: 26.872 Loading class java/time/format/DateTimeFormatterBuilder$ReducedPrinterParser
Event: 26.873 Loading class java/time/format/DateTimeFormatterBuilder$ReducedPrinterParser done

Classes unloaded (0 events):
No events

Classes redefined (0 events):
No events

Internal exceptions (20 events):
Event: 12.266 Thread 0x000001cd7eea01e0 Exception <a 'java/lang/IncompatibleClassChangeError'{0x00000000a38fe190}: Found class java.lang.Object, but interface was expected> (0x00000000a38fe190) 
thrown [s\open\src\hotspot\share\interpreter\linkResolver.cpp, line 872]
Event: 12.582 Thread 0x000001cd7eea01e0 Exception <a 'java/lang/NoSuchMethodError'{0x00000000a524a770}: 'java.lang.Object java.lang.invoke.DirectMethodHandle$Holder.invokeSpecial(java.lang.Object, java.lang.Object, java.lang.Object, java.lang.Object, java.lang.Object, int)'> (0x00000000a524a770) 
thrown [s\open\src\hotspot\share\interpreter\linkResolver.cpp, line 805]
Event: 12.731 Thread 0x000001cd7eea01e0 Exception <a 'java/lang/NoSuchMethodError'{0x00000000a453d568}: 'java.lang.Object java.lang.invoke.DirectMethodHandle$Holder.invokeInterface(java.lang.Object, java.lang.Object, java.lang.Object, java.lang.Object)'> (0x00000000a453d568) 
thrown [s\open\src\hotspot\share\interpreter\linkResolver.cpp, line 805]
Event: 12.861 Thread 0x000001cd7eea01e0 Exception <a 'java/io/IOException'{0x00000000a4282da0}> (0x00000000a4282da0) 
thrown [s\open\src\hotspot\share\prims\jni.cpp, line 518]
Event: 12.980 Thread 0x000001cd7eea01e0 Exception <a 'java/lang/NoSuchMethodError'{0x00000000a3f5b9f0}: 'void java.lang.invoke.Invokers$Holder.invokeExact_MT(java.lang.Object, java.lang.Object, java.lang.Object, java.lang.Object)'> (0x00000000a3f5b9f0) 
thrown [s\open\src\hotspot\share\interpreter\linkResolver.cpp, line 805]
Event: 13.016 Thread 0x000001cd7eea01e0 Exception <a 'java/lang/NoSuchMethodError'{0x00000000a3e382d8}: 'java.lang.Object java.lang.invoke.DirectMethodHandle$Holder.invokeVirtual(java.lang.Object, java.lang.Object, java.lang.Object, int)'> (0x00000000a3e382d8) 
thrown [s\open\src\hotspot\share\interpreter\linkResolver.cpp, line 805]
Event: 13.069 Thread 0x000001cd7eea01e0 Exception <a 'java/lang/NoSuchMethodError'{0x00000000a3c37990}: 'java.lang.Object java.lang.invoke.DirectMethodHandle$Holder.invokeVirtual(java.lang.Object, java.lang.Object, int)'> (0x00000000a3c37990) 
thrown [s\open\src\hotspot\share\interpreter\linkResolver.cpp, line 805]
Event: 13.215 Thread 0x000001cd7eea01e0 Exception <a 'java/lang/IncompatibleClassChangeError'{0x00000000fff23820}: Found class java.lang.Object, but interface was expected> (0x00000000fff23820) 
thrown [s\open\src\hotspot\share\interpreter\linkResolver.cpp, line 872]
Event: 13.249 Thread 0x000001cd7eea01e0 Implicit null exception at 0x000001cd30e9a448 to 0x000001cd30e9a504
Event: 13.344 Thread 0x000001cd7eea01e0 Exception <a 'java/lang/NoSuchMethodError'{0x00000000a528e258}: 'int java.lang.invoke.DirectMethodHandle$Holder.invokeStaticInit(java.lang.Object, java.lang.Object, java.lang.Object, java.lang.Object)'> (0x00000000a528e258) 
thrown [s\open\src\hotspot\share\interpreter\linkResolver.cpp, line 805]
Event: 13.439 Thread 0x000001cd7eea01e0 Exception <a 'java/lang/IncompatibleClassChangeError'{0x00000000a46aaea8}: Found class java.lang.Object, but interface was expected> (0x00000000a46aaea8) 
thrown [s\open\src\hotspot\share\interpreter\linkResolver.cpp, line 872]
Event: 13.464 Thread 0x000001cd7eea01e0 Implicit null exception at 0x000001cd30eec222 to 0x000001cd30eec31c
Event: 13.464 Thread 0x000001cd7eea01e0 Implicit null exception at 0x000001cd31021e77 to 0x000001cd31022164
Event: 13.566 Thread 0x000001cd7eea01e0 Exception <a 'java/lang/NoSuchMethodError'{0x00000000a42bc600}: 'java.lang.Object java.lang.invoke.DirectMethodHandle$Holder.newInvokeSpecial(java.lang.Object, java.lang.Object, int, java.lang.Object, java.lang.Object)'> (0x00000000a42bc600) 
thrown [s\open\src\hotspot\share\interpreter\linkResolver.cpp, line 805]
Event: 26.503 Thread 0x000001cd04261460 Exception <a 'java/lang/NoSuchMethodError'{0x00000000a40b5628}: 'java.lang.Object java.lang.invoke.DirectMethodHandle$Holder.invokeStatic(java.lang.Object, java.lang.Object, java.lang.Object, int, int)'> (0x00000000a40b5628) 
thrown [s\open\src\hotspot\share\interpreter\linkResolver.cpp, line 805]
Event: 26.504 Thread 0x000001cd04261460 Exception <a 'java/lang/NoSuchMethodError'{0x00000000a3e3cd80}: 'java.lang.Object java.lang.invoke.DirectMethodHandle$Holder.invokeStaticInit(java.lang.Object, java.lang.Object, java.lang.Object, int, int)'> (0x00000000a3e3cd80) 
thrown [s\open\src\hotspot\share\interpreter\linkResolver.cpp, line 805]
Event: 26.593 Thread 0x000001cd054fe060 Exception <a 'java/lang/NoSuchMethodError'{0x00000000a3d207c0}: 'java.lang.Object java.lang.invoke.DirectMethodHandle$Holder.invokeSpecial(java.lang.Object, java.lang.Object, java.lang.Object, java.lang.Object, java.lang.Object, long)'> (0x00000000a3d207c0) 
thrown [s\open\src\hotspot\share\interpreter\linkResolver.cpp, line 805]
Event: 26.594 Thread 0x000001cd054fe060 Exception <a 'java/lang/NoSuchMethodError'{0x00000000a3d292c8}: 'java.lang.Object java.lang.invoke.DirectMethodHandle$Holder.invokeSpecial(java.lang.Object, java.lang.Object, java.lang.Object, java.lang.Object, java.lang.Object, java.lang.Object, long)'> (0x00000000a3d292c8) 
thrown [s\open\src\hotspot\share\interpreter\linkResolver.cpp, line 805]
Event: 26.595 Thread 0x000001cd054fe060 Exception <a 'java/lang/NoSuchMethodError'{0x00000000a3d31630}: 'java.lang.Object java.lang.invoke.DelegatingMethodHandle$Holder.reinvoke_L(java.lang.Object, java.lang.Object, java.lang.Object, java.lang.Object, java.lang.Object, long)'> (0x00000000a3d31630) 
thrown [s\open\src\hotspot\share\interpreter\linkResolver.cpp, line 805]
Event: 26.596 Thread 0x000001cd054fe060 Exception <a 'java/lang/NoSuchMethodError'{0x00000000a3d41930}: 'java.lang.Object java.lang.invoke.Invokers$Holder.linkToTargetMethod(java.lang.Object, java.lang.Object, java.lang.Object, long, java.lang.Object)'> (0x00000000a3d41930) 
thrown [s\open\src\hotspot\share\interpreter\linkResolver.cpp, line 805]

VM Operations (20 events):
Event: 13.232 Executing VM operation: HandshakeAllThreads (Deoptimize)
Event: 13.232 Executing VM operation: HandshakeAllThreads (Deoptimize) done
Event: 13.305 Executing VM operation: HandshakeAllThreads (Deoptimize)
Event: 13.305 Executing VM operation: HandshakeAllThreads (Deoptimize) done
Event: 26.634 Executing VM operation: HandshakeAllThreads (Deoptimize)
Event: 26.634 Executing VM operation: HandshakeAllThreads (Deoptimize) done
Event: 26.788 Executing VM operation: G1CollectForAllocation (G1 Evacuation Pause)
Event: 26.797 Executing VM operation: G1CollectForAllocation (G1 Evacuation Pause) done
Event: 26.835 Executing VM operation: G1PauseRemark
Event: 26.839 Executing VM operation: G1PauseRemark done
Event: 26.857 Executing VM operation: G1PauseCleanup
Event: 26.857 Executing VM operation: G1PauseCleanup done
Event: 26.862 Executing VM operation: HandshakeAllThreads (Deoptimize)
Event: 26.862 Executing VM operation: HandshakeAllThreads (Deoptimize) done
Event: 26.899 Executing VM operation: HandshakeAllThreads (Deoptimize)
Event: 26.899 Executing VM operation: HandshakeAllThreads (Deoptimize) done
Event: 60.081 Executing VM operation: HandshakeAllThreads (HandshakeForDeflation)
Event: 60.081 Executing VM operation: HandshakeAllThreads (HandshakeForDeflation) done
Event: 60.081 Executing VM operation: RendezvousGCThreads
Event: 60.081 Executing VM operation: RendezvousGCThreads done

Memory protections (0 events):
No events

Nmethod flushes (20 events):
Event: 26.838 Thread 0x000001cd3cf5fc50 flushing  nmethod 0x000001cd293f0f88
Event: 26.838 Thread 0x000001cd3cf5fc50 flushing  nmethod 0x000001cd293f2d88
Event: 26.838 Thread 0x000001cd3cf5fc50 flushing  nmethod 0x000001cd293f3088
Event: 26.838 Thread 0x000001cd3cf5fc50 flushing  nmethod 0x000001cd29493f88
Event: 26.838 Thread 0x000001cd3cf5fc50 flushing  nmethod 0x000001cd29494488
Event: 26.838 Thread 0x000001cd3cf5fc50 flushing  nmethod 0x000001cd294fdd88
Event: 26.838 Thread 0x000001cd3cf5fc50 flushing  nmethod 0x000001cd29584d88
Event: 26.838 Thread 0x000001cd3cf5fc50 flushing  nmethod 0x000001cd29617188
Event: 26.838 Thread 0x000001cd3cf5fc50 flushing  nmethod 0x000001cd2962de08
Event: 26.838 Thread 0x000001cd3cf5fc50 flushing  nmethod 0x000001cd29637488
Event: 26.838 Thread 0x000001cd3cf5fc50 flushing  nmethod 0x000001cd29688108
Event: 26.838 Thread 0x000001cd3cf5fc50 flushing  nmethod 0x000001cd29689f88
Event: 26.838 Thread 0x000001cd3cf5fc50 flushing  nmethod 0x000001cd29733188
Event: 26.838 Thread 0x000001cd3cf5fc50 flushing  nmethod 0x000001cd29881788
Event: 26.838 Thread 0x000001cd3cf5fc50 flushing  nmethod 0x000001cd298fbd88
Event: 26.838 Thread 0x000001cd3cf5fc50 flushing  nmethod 0x000001cd298fc408
Event: 26.838 Thread 0x000001cd3cf5fc50 flushing  nmethod 0x000001cd299e5c88
Event: 26.838 Thread 0x000001cd3cf5fc50 flushing  nmethod 0x000001cd29b54588
Event: 26.838 Thread 0x000001cd3cf5fc50 flushing  nmethod 0x000001cd29b54d08
Event: 26.838 Thread 0x000001cd3cf5fc50 flushing  nmethod 0x000001cd29bed588

Events (20 events):
Event: 12.672 Thread 0x000001cd3cf867f0 Thread added: 0x000001cd7ea19ab0
Event: 13.502 Thread 0x000001cd7eea01e0 Thread added: 0x000001cd054ff650
Event: 13.586 Thread 0x000001cd7eea01e0 Thread added: 0x000001cd054fe060
Event: 13.586 Thread 0x000001cd7eea01e0 Thread added: 0x000001cd054fe7b0
Event: 13.586 Thread 0x000001cd7eea01e0 Thread added: 0x000001cd055004f0
Event: 13.587 Thread 0x000001cd7eea01e0 Thread added: 0x000001cd05500c40
Event: 13.587 Thread 0x000001cd7eea01e0 Thread added: 0x000001cd04c995b0
Event: 13.587 Thread 0x000001cd7eea01e0 Thread added: 0x000001cd042631a0
Event: 13.587 Thread 0x000001cd7eea01e0 Thread added: 0x000001cd04264040
Event: 13.587 Thread 0x000001cd7eea01e0 Thread added: 0x000001cd042638f0
Event: 13.587 Thread 0x000001cd7eea01e0 Thread added: 0x000001cd04262a50
Event: 13.588 Thread 0x000001cd7eea01e0 Thread added: 0x000001cd04260d10
Event: 13.612 Thread 0x000001cd7eea01e0 Thread added: 0x000001cd04262300
Event: 13.614 Thread 0x000001cd7eea01e0 Thread added: 0x000001cd04261460
Event: 13.639 Thread 0x000001cd7eea01e0 Thread exited: 0x000001cd7eea01e0
Event: 13.645 Thread 0x000001cd7ee987b0 Thread exited: 0x000001cd7ee987b0
Event: 13.645 Thread 0x000001cd20a47550 Thread exited: 0x000001cd20a47550
Event: 13.645 Thread 0x000001cd04264790 Thread added: 0x000001cd04264790
Event: 14.508 Thread 0x000001cd7ea19ab0 Thread exited: 0x000001cd7ea19ab0
Event: 15.926 Thread 0x000001cd05501390 Thread exited: 0x000001cd05501390


Dynamic libraries:
0x00007ff751180000 - 0x00007ff75118e000 	C:\Users\HP\.jdks\openjdk-24.0.2+12-54\bin\java.exe
0x00007ffd343e0000 - 0x00007ffd34646000 	C:\WINDOWS\SYSTEM32\ntdll.dll
0x00007ffd32cb0000 - 0x00007ffd32d79000 	C:\WINDOWS\System32\KERNEL32.DLL
0x00007ffd31ab0000 - 0x00007ffd31eaf000 	C:\WINDOWS\System32\KERNELBASE.dll
0x00007ffd31750000 - 0x00007ffd3189c000 	C:\WINDOWS\System32\ucrtbase.dll
0x00007ffd28fb0000 - 0x00007ffd28fcb000 	C:\Users\HP\.jdks\openjdk-24.0.2+12-54\bin\VCRUNTIME140.dll
0x00007ffd28fd0000 - 0x00007ffd28fe6000 	C:\Users\HP\.jdks\openjdk-24.0.2+12-54\bin\jli.dll
0x00007ffd33170000 - 0x00007ffd33336000 	C:\WINDOWS\System32\USER32.dll
0x00007ffd31720000 - 0x00007ffd31747000 	C:\WINDOWS\System32\win32u.dll
0x00007ffd15720000 - 0x00007ffd159b1000 	C:\WINDOWS\WinSxS\amd64_microsoft.windows.common-controls_6595b64144ccf1df_6.0.26100.8972_none_3e0da176e32f9d4b\COMCTL32.dll
0x00007ffd33880000 - 0x00007ffd33929000 	C:\WINDOWS\System32\msvcrt.dll
0x00007ffd34310000 - 0x00007ffd3433b000 	C:\WINDOWS\System32\GDI32.dll
0x00007ffd315f0000 - 0x00007ffd31719000 	C:\WINDOWS\System32\gdi32full.dll
0x00007ffd31a00000 - 0x00007ffd31aa3000 	C:\WINDOWS\System32\msvcp_win.dll
0x00007ffd32700000 - 0x00007ffd32732000 	C:\WINDOWS\System32\IMM32.DLL
0x00007ffd295e0000 - 0x00007ffd295ec000 	C:\Users\HP\.jdks\openjdk-24.0.2+12-54\bin\vcruntime140_1.dll
0x00007ffd15ec0000 - 0x00007ffd15f4e000 	C:\Users\HP\.jdks\openjdk-24.0.2+12-54\bin\msvcp140.dll
0x00007ffc8ffe0000 - 0x00007ffc90d81000 	C:\Users\HP\.jdks\openjdk-24.0.2+12-54\bin\server\jvm.dll
0x00007ffd341c0000 - 0x00007ffd3427c000 	C:\WINDOWS\System32\ADVAPI32.dll
0x00007ffd32350000 - 0x00007ffd323fa000 	C:\WINDOWS\System32\sechost.dll
0x00007ffd33340000 - 0x00007ffd33458000 	C:\WINDOWS\System32\RPCRT4.dll
0x00007ffd337f0000 - 0x00007ffd33872000 	C:\WINDOWS\System32\WS2_32.dll
0x00007ffd31470000 - 0x00007ffd314ce000 	C:\WINDOWS\SYSTEM32\POWRPROF.dll
0x00007ffd288b0000 - 0x00007ffd288e6000 	C:\WINDOWS\SYSTEM32\WINMM.dll
0x00007ffd288f0000 - 0x00007ffd288fb000 	C:\WINDOWS\SYSTEM32\VERSION.dll
0x00007ffd31450000 - 0x00007ffd31465000 	C:\WINDOWS\SYSTEM32\UMPDC.dll
0x00007ffd302a0000 - 0x00007ffd302bb000 	C:\WINDOWS\SYSTEM32\kernel.appcore.dll
0x00007ffd29520000 - 0x00007ffd2952a000 	C:\Users\HP\.jdks\openjdk-24.0.2+12-54\bin\jimage.dll
0x00007ffd2eb50000 - 0x00007ffd2ed92000 	C:\WINDOWS\SYSTEM32\DBGHELP.DLL
0x00007ffd32d80000 - 0x00007ffd33105000 	C:\WINDOWS\System32\combase.dll
0x00007ffd32bd0000 - 0x00007ffd32ca9000 	C:\WINDOWS\System32\OLEAUT32.dll
0x00007ffd15d50000 - 0x00007ffd15d8b000 	C:\WINDOWS\SYSTEM32\dbgcore.DLL
0x00007ffd32050000 - 0x00007ffd320fc000 	C:\WINDOWS\System32\bcryptPrimitives.dll
0x00007ffd15e60000 - 0x00007ffd15e6f000 	C:\Users\HP\.jdks\openjdk-24.0.2+12-54\bin\instrument.dll
0x00007ffd16470000 - 0x00007ffd1648e000 	C:\Users\HP\.jdks\openjdk-24.0.2+12-54\bin\java.dll
0x00007ffd33470000 - 0x00007ffd33609000 	C:\WINDOWS\System32\ole32.dll
0x00007ffd33a30000 - 0x00007ffd341b8000 	C:\WINDOWS\System32\SHELL32.dll
0x00007ffd2f080000 - 0x00007ffd2f91b000 	C:\WINDOWS\SYSTEM32\windows.storage.dll
0x00007ffd32420000 - 0x00007ffd32519000 	C:\WINDOWS\System32\SHCORE.dll
0x00007ffd33930000 - 0x00007ffd33996000 	C:\WINDOWS\System32\shlwapi.dll
0x00007ffd31510000 - 0x00007ffd31539000 	C:\WINDOWS\SYSTEM32\profapi.dll
0x00007ffcd5260000 - 0x00007ffcd5337000 	C:\Users\HP\.jdks\openjdk-24.0.2+12-54\bin\jsvml.dll
0x00007ffd175f0000 - 0x00007ffd17607000 	C:\Users\HP\.jdks\openjdk-24.0.2+12-54\bin\zip.dll
0x00007ffd28f20000 - 0x00007ffd28f30000 	C:\Users\HP\.jdks\openjdk-24.0.2+12-54\bin\net.dll
0x00007ffd30830000 - 0x00007ffd3089c000 	C:\WINDOWS\system32\mswsock.dll
0x00007ffd17610000 - 0x00007ffd17626000 	C:\Users\HP\.jdks\openjdk-24.0.2+12-54\bin\nio.dll
0x00007ffcc2fa0000 - 0x00007ffcc2fba000 	C:\Program Files\JetBrains\IntelliJ IDEA Community Edition 2024.1.4\bin\breakgen64.dll
0x00007ffd28f10000 - 0x00007ffd28f19000 	C:\Users\HP\.jdks\openjdk-24.0.2+12-54\bin\extnet.dll
0x00007ffcfe310000 - 0x00007ffcfe31a000 	C:\Users\HP\.jdks\openjdk-24.0.2+12-54\bin\management.dll
0x00007ffcfe260000 - 0x00007ffcfe26b000 	C:\Users\HP\.jdks\openjdk-24.0.2+12-54\bin\management_ext.dll
0x00007ffd33460000 - 0x00007ffd33468000 	C:\WINDOWS\System32\PSAPI.DLL
0x00007ffcfdbf0000 - 0x00007ffcfdbfe000 	C:\Users\HP\.jdks\openjdk-24.0.2+12-54\bin\sunmscapi.dll
0x00007ffd31ec0000 - 0x00007ffd3203e000 	C:\WINDOWS\System32\CRYPT32.dll
0x00007ffd30dc0000 - 0x00007ffd30df0000 	C:\WINDOWS\SYSTEM32\ncrypt.dll
0x00007ffd30d70000 - 0x00007ffd30daf000 	C:\WINDOWS\SYSTEM32\NTASN1.dll
0x00007ffd30c50000 - 0x00007ffd30c6b000 	C:\WINDOWS\SYSTEM32\CRYPTSP.dll
0x00007ffd30200000 - 0x00007ffd30239000 	C:\WINDOWS\system32\rsaenh.dll
0x00007ffd308e0000 - 0x00007ffd30912000 	C:\WINDOWS\SYSTEM32\USERENV.dll
0x00007ffd314e0000 - 0x00007ffd3150a000 	C:\WINDOWS\SYSTEM32\bcrypt.dll
0x00007ffd30a90000 - 0x00007ffd30a9c000 	C:\WINDOWS\SYSTEM32\CRYPTBASE.dll
0x00007ffd2fc50000 - 0x00007ffd2fc83000 	C:\WINDOWS\SYSTEM32\IPHLPAPI.DLL
0x00007ffd34340000 - 0x00007ffd3434a000 	C:\WINDOWS\System32\NSI.dll
0x00007ffd2fce0000 - 0x00007ffd2fe38000 	C:\WINDOWS\SYSTEM32\DNSAPI.dll
0x00007ffd30650000 - 0x00007ffd3065d000 	C:\WINDOWS\SYSTEM32\DSPARSE.dll
0x00007ffd28880000 - 0x00007ffd2888b000 	C:\Windows\System32\rasadhlp.dll
0x00007ffd24e90000 - 0x00007ffd24f16000 	C:\WINDOWS\System32\fwpuclnt.dll
0x00007ffd230a0000 - 0x00007ffd230a8000 	C:\WINDOWS\system32\wshunix.dll

JVMTI agents:
C:\Program Files\JetBrains\IntelliJ IDEA Community Edition 2024.1.4\lib\idea_rt.jar path:C:\Users\HP\.jdks\openjdk-24.0.2+12-54\bin\instrument.dll, loaded, initialized, instrumentlib options:52471:C:\Program Files\JetBrains\IntelliJ IDEA Community Edition 2024.1.4\bin

dbghelp: loaded successfully - version: 4.0.5 - missing functions: none
symbol engine: initialized successfully - sym options: 0x614 - pdb path: .;C:\Users\HP\.jdks\openjdk-24.0.2+12-54\bin;C:\WINDOWS\SYSTEM32;C:\WINDOWS\WinSxS\amd64_microsoft.windows.common-controls_6595b64144ccf1df_6.0.26100.8972_none_3e0da176e32f9d4b;C:\Users\HP\.jdks\openjdk-24.0.2+12-54\bin\server;C:\Program Files\JetBrains\IntelliJ IDEA Community Edition 2024.1.4\bin

VM Arguments:
jvm_args: -javaagent:C:\Program Files\JetBrains\IntelliJ IDEA Community Edition 2024.1.4\lib\idea_rt.jar=52471:C:\Program Files\JetBrains\IntelliJ IDEA Community Edition 2024.1.4\bin -Dfile.encoding=UTF-8 -Dsun.stdout.encoding=UTF-8 -Dsun.stderr.encoding=UTF-8 
java_command: com.dhruv.ordermanagement.OrderManagementApiApplication
java_class_path (initial): D:\order-management-api\target\classes;C:\Users\HP\.m2\repository\org\springframework\boot\spring-boot-starter-validation\4.1.1\spring-boot-starter-validation-4.1.1.jar;C:\Users\HP\.m2\repository\org\springframework\boot\spring-boot-starter\4.1.1\spring-boot-starter-4.1.1.jar;C:\Users\HP\.m2\repository\org\springframework\boot\spring-boot-starter-logging\4.1.1\spring-boot-starter-logging-4.1.1.jar;C:\Users\HP\.m2\repository\ch\qos\logback\logback-classic\1.5.38\logback-classic-1.5.38.jar;C:\Users\HP\.m2\repository\ch\qos\logback\logback-core\1.5.38\logback-core-1.5.38.jar;C:\Users\HP\.m2\repository\org\apache\logging\log4j\log4j-to-slf4j\2.25.5\log4j-to-slf4j-2.25.5.jar;C:\Users\HP\.m2\repository\org\apache\logging\log4j\log4j-api\2.25.5\log4j-api-2.25.5.jar;C:\Users\HP\.m2\repository\org\slf4j\jul-to-slf4j\2.0.18\jul-to-slf4j-2.0.18.jar;C:\Users\HP\.m2\repository\jakarta\annotation\jakarta.annotation-api\3.0.0\jakarta.annotation-api-3.0.0.jar;C:\Users\HP\.m2\repository\org\yaml\snakeyaml\2.6\snakeyaml-2.6.jar;C:\Users\HP\.m2\repository\org\springframework\boot\spring-boot-validation\4.1.1\spring-boot-validation-4.1.1.jar;C:\Users\HP\.m2\repository\org\apache\tomcat\embed\tomcat-embed-el\11.0.24\tomcat-embed-el-11.0.24.jar;C:\Users\HP\.m2\repository\org\hibernate\validator\hibernate-validator\9.1.3.Final\hibernate-validator-9.1.3.Final.jar;C:\Users\HP\.m2\repository\jakarta\validation\jakarta.validation-api\3.1.1\jakarta.validation-api-3.1.1.jar;C:\Users\HP\.m2\repository\org\jboss\logging\jboss-logging\3.6.3.Final\jboss-logging-3.6.3.Final.jar;C:\Users\HP\.m2\repository\com\fasterxml\classmate\1.7.3\classmate-1.7.3.jar;C:\Users\HP\.m2\repository\org\springframework\boot\spring-boot-starter-webmvc\4.1.1\spring-boot-starter-webmvc-4.1.1.jar;C:\Users\HP\.m2\repository\org\springframework\boot\spring-boot-starter-jackson\4.1.1\spring-boot-starter-jackson-4.1.1.jar;C:\Users\HP\.m2\repository\org\springframework\boot\spring-boot-jackson\4.1.1\spring-boot-jackson-4.1.1.jar;C:\Users\HP\.m2\repository\tools\jackson\core\jackson-databind\3.1.5\jackson-databind-3.1.5.jar;C:\Users\HP\.m2\repository\com\fasterxml\jackson\core\jackson-annotations\2.21\jackson-annotations-2.21.jar;C:\Users\HP\.m2\repository\tools\jackson\core\jackson-core\3.1.5\jackson-core-3.1.5.jar;C:\Users\HP\.m2\repository\org\springframework\boot\spring-boot-starter-tomcat\4.1.1\spring-boot-starter-tomcat-4.1.1.jar;C:\Users\HP\.m2\repository\org\springframework\boot\spring-boot-starter-tomcat-runtime\4.1.1\spring-boot-starter-tomcat-runtime-4.1.1.jar;C:\Users\HP\.m2\repository\org\apache\tomcat\embed\tomcat-embed-core\11.0.24\tomcat-embed-core-11.0.24.jar;C:\Users\HP\.m2\repository\org\apache\tomcat\embed\tomcat-embed-websocket\11.0.24\tomcat-embed-websocket-11.0.24.jar;C:\Users\HP\.m2\repository\org\springframework\boot\spring-boot-tomcat\4.1.1\spring-boot-tomcat-4.1.1.jar;C:\Users\HP\.m2\repository\org\springframework\boot\spring-boot-http-converter\4.1.1\spring-boot-http-converter-4.1.1.jar;C:\Users\HP\.m2\repository\org\springframework\spring-web\7.0.9\spring-web-7.0.9.jar;C:\Users\HP\.m2\repository\org\springframework\spring-beans\7.0.9\spring-beans-7.0.9.jar;C:\Users\HP\.m2\repository\io\micrometer\micrometer-observation\1.17.1\micrometer-observation-1.17.1.jar;C:\Users\HP\.m2\repository\io\micrometer\micrometer-commons\1.17.1\micrometer-commons-1.17.1.jar;C:\Users\HP\.m2\repository\org\springframework\boot\spring-boot-webmvc\4.1.1\spring-boot-webmvc-4.1.1.jar;C:\Users\HP\.m2\repository\org\springframework\boot\spring-boot-servlet\4.1.1\spring-boot-servlet-4.1.1.jar;C:\Users\HP\.m2\repository\org\springframework\spring-webmvc\7.0.9\spring-webmvc-7.0.9.jar;C:\Users\HP\.m2\repository\org\springframework\spring-aop\7.0.9\spring-aop-7.0.9.jar;C:\Users\HP\.m2\repository\org\springframework\spring-expression\7.0.9\spring-expression-7.0.9.jar;C:\Users\HP\.m2\repository\org\springframework\boot\spring-boot-devtools\4.1.1\spring-boot-devtools-4.1.1.jar;C:\Users\HP\.m2\repository\org\springframework\boot\spring-boot\4.1.1\spring-boot-4.1.1.jar;C:\Users\HP\.m2\repository\org\springframework\spring-core\7.0.9\spring-core-7.0.9.jar;C:\Users\HP\.m2\repository\commons-logging\commons-logging\1.3.6\commons-logging-1.3.6.jar;C:\Users\HP\.m2\repository\org\jspecify\jspecify\1.0.1\jspecify-1.0.1.jar;C:\Users\HP\.m2\repository\org\springframework\spring-context\7.0.9\spring-context-7.0.9.jar;C:\Users\HP\.m2\repository\org\springframework\boot\spring-boot-autoconfigure\4.1.1\spring-boot-autoconfigure-4.1.1.jar;C:\Users\HP\.m2\repository\org\projectlombok\lombok\1.18.46\lombok-1.18.46.jar;C:\Users\HP\.m2\repository\org\springframework\boot\spring-boot-starter-data-jpa\4.1.1\spring-boot-starter-data-jpa-4.1.1.jar;C:\Users\HP\.m2\repository\org\springframework\boot\spring-boot-starter-jdbc\4.1.1\spring-boot-starter-jdbc-4.1.1.jar;C:\Users\HP\.m2\repository\com\zaxxer\HikariCP\7.0.2\HikariCP-7.0.2.jar;C:\Users\HP\.m2\repository\org\slf4j\slf4j-api\2.0.18\slf4j-api-2.0.18.jar;C:\Users\HP\.m2\repository\org\springframework\boot\spring-boot-data-jpa\4.1.1\spring-boot-data-jpa-4.1.1.jar;C:\Users\HP\.m2\repository\org\springframework\boot\spring-boot-data-commons\4.1.1\spring-boot-data-commons-4.1.1.jar;C:\Users\HP\.m2\repository\org\springframework\boot\spring-boot-persistence\4.1.1\spring-boot-persistence-4.1.1.jar;C:\Users\HP\.m2\repository\org\springframework\data\spring-data-commons\4.1.1\spring-data-commons-4.1.1.jar;C:\Users\HP\.m2\repository\org\springframework\boot\spring-boot-hibernate\4.1.1\spring-boot-hibernate-4.1.1.jar;C:\Users\HP\.m2\repository\org\springframework\boot\spring-boot-jpa\4.1.1\spring-boot-jpa-4.1.1.jar;C:\Users\HP\.m2\repository\jakarta\persistence\jakarta.persistence-api\3.2.0\jakarta.persistence-api-3.2.0.jar;C:\Users\HP\.m2\repository\org\hibernate\orm\hibernate-core\7.4.5.Final\hibernate-core-7.4.5.Final.jar;C:\Users\HP\.m2\repository\jakarta\transaction\jakarta.transaction-api\2.0.1\jakarta.transaction-api-2.0.1.jar;C:\Users\HP\.m2\repository\org\hibernate\models\hibernate-models\1.1.1\hibernate-models-1.1.1.jar;C:\Users\HP\.m2\repository\org\glassfish\jaxb\jaxb-runtime\4.0.9\jaxb-runtime-4.0.9.jar;C:\Users\HP\.m2\repository\org\glassfish\jaxb\jaxb-core\4.0.9\jaxb-core-4.0.9.jar;C:\Users\HP\.m2\repository\org\eclipse\angus\angus-activation\2.0.3\angus-activation-2.0.3.jar;C:\Users\HP\.m2\repository\org\glassfish\jaxb\txw2\4.0.9\txw2-4.0.9.jar;C:\Users\HP\.m2\repository\com\sun\istack\istack-commons-runtime\4.1.2\istack-commons-runtime-4.1.2.jar;C:\Users\HP\.m2\repository\jakarta\inject\jakarta.inject-api\2.0.1\jakarta.inject-api-2.0.1.jar;C:\Users\HP\.m2\repository\org\springframework\spring-orm\7.0.9\spring-orm-7.0.9.jar;C:\Users\HP\.m2\repository\org\springframework\data\spring-data-jpa\4.1.1\spring-data-jpa-4.1.1.jar;C:\Users\HP\.m2\repository\org\springframework\spring-tx\7.0.9\spring-tx-7.0.9.jar;C:\Users\HP\.m2\repository\org\antlr\antlr4-runtime\4.13.2\antlr4-runtime-4.13.2.jar;C:\Users\HP\.m2\repository\org\springframework\spring-aspects\7.0.9\spring-aspects-7.0.9.jar;C:\Users\HP\.m2\repository\org\aspectj\aspectjweaver\1.9.25.1\aspectjweaver-1.9.25.1.jar;C:\Users\HP\.m2\repository\org\springframework\boot\spring-boot-jdbc\4.1.1\spring-boot-jdbc-4.1.1.jar;C:\Users\HP\.m2\repository\org\springframework\boot\spring-boot-sql\4.1.1\spring-boot-sql-4.1.1.jar;C:\Users\HP\.m2\repository\org\springframework\boot\spring-boot-transaction\4.1.1\spring-boot-transaction-4.1.1.jar;C:\Users\HP\.m2\repository\org\springframework\spring-jdbc\7.0.9\spring-jdbc-7.0.9.jar;C:\Users\HP\.m2\repository\com\mysql\mysql-connector-j\9.7.0\mysql-connector-j-9.7.0.jar;C:\Users\HP\.m2\repository\jakarta\xml\bind\jakarta.xml.bind-api\4.0.5\jakarta.xml.bind-api-4.0.5.jar;C:\Users\HP\.m2\repository\jakarta\activation\jakarta.activation-api\2.1.4\jakarta.activation-api-2.1.4.jar;C:\Users\HP\.m2\repository\net\bytebuddy\byte-buddy\1.18.11\byte-buddy-1.18.11.jar;C:\Users\HP\.m2\repository\org\springframework\boot\spring-boot-web-server\4.1.1\spring-boot-web-server-4.1.1.jar
Launcher Type: SUN_STANDARD

[Global flags]
     intx CICompilerCount                          = 4                                         {product} {ergonomic}
     uint ConcGCThreads                            = 2                                         {product} {ergonomic}
     uint G1ConcRefinementThreads                  = 8                                         {product} {ergonomic}
   size_t G1HeapRegionSize                         = 1048576                                   {product} {ergonomic}
   size_t InitialHeapSize                          = 100663296                                 {product} {ergonomic}
   size_t MarkStackSize                            = 4194304                                   {product} {ergonomic}
   size_t MarkStackSizeMax                         = 536870912                                 {product} {ergonomic}
   size_t MaxHeapSize                              = 1585446912                                {product} {ergonomic}
   size_t MaxNewSize                               = 951058432                                 {product} {ergonomic}
   size_t MinHeapDeltaBytes                        = 1048576                                   {product} {ergonomic}
   size_t MinHeapSize                              = 8388608                                   {product} {ergonomic}
    uintx NonNMethodCodeHeapSize                   = 5832704                                {pd product} {ergonomic}
    uintx NonProfiledCodeHeapSize                  = 122945536                              {pd product} {ergonomic}
    uintx ProfiledCodeHeapSize                     = 122880000                              {pd product} {ergonomic}
    uintx ReservedCodeCacheSize                    = 251658240                              {pd product} {ergonomic}
     bool SegmentedCodeCache                       = true                                      {product} {ergonomic}
   size_t SoftMaxHeapSize                          = 1585446912                             {manageable} {ergonomic}
     bool UseCompressedOops                        = true                           {product lp64_product} {ergonomic}
     bool UseG1GC                                  = true                                      {product} {ergonomic}
     bool UseLargePagesIndividualAllocation        = false                                  {pd product} {ergonomic}

Logging:
Log output configuration:
 #0: stdout all=warning uptime,level,tags foldmultilines=false
 #1: stderr all=off uptime,level,tags foldmultilines=false

Environment Variables:
JAVA_HOME=C:\Program Files\Eclipse Adoptium\jdk-17
PATH=C:\Program Files\Eclipse Adoptium\jdk-21.0.8.9-hotspot\bin;C:\oraclexe\app\oracle\product\10.2.0\server\bin;C:\WINDOWS\system32;C:\WINDOWS;C:\WINDOWS\System32\Wbem;C:\WINDOWS\System32\WindowsPowerShell\v1.0\;C:\WINDOWS\System32\OpenSSH\;C:\Program Files\dotnet\;C:\Program Files\MongoDB\Server\5.0\bin;C:\Program Files\Git\cmd;D:\geth;C:\Program Files\Geth;D:\tools\uv;D:\tools\uv;C:\Users\HP\.local\bin;C:\Users\HP\AppData\Local\Microsoft\WindowsApps;C:\Users\HP\AppData\Local\Programs\Microsoft VS Code\bin;C:\Program Files\JetBrains\IntelliJ IDEA Community Edition 2024.1.4\bin;C:\Users\HP\Downloads\OpenJDK21U-jdk_x64_windows_hotspot_21.0.8_9.msi;C:\Program Files\Eclipse Adoptium\jdk-21.0.8.9-hotspot;;C:\sycs 24-25\dart\dart-sdk\bin;C:\Users\HP\.dotnet\tools;D:\sycs 24-25\flutter\bin
USERNAME=HP
OS=Windows_NT
PROCESSOR_IDENTIFIER=AMD64 Family 23 Model 24 Stepping 1, AuthenticAMD
TMP=C:\Users\HP\AppData\Local\Temp
TEMP=C:\Users\HP\AppData\Local\Temp




Periodic native trim disabled

---------------  S Y S T E M  ---------------

OS:
 Windows 11 , 64 bit Build 26100 (10.0.26100.9168)
OS uptime: 0 days 4:56 hours
Hyper-V role detected

CPU: total 8 (initial active 8) (8 cores per cpu, 2 threads per core) family 23 model 24 stepping 1 microcode 0x810810e, cx8, cmov, fxsr, ht, mmx, 3dnowpref, sse, sse2, sse3, ssse3, sse4a, sse4.1, sse4.2, popcnt, lzcnt, tsc, tscinvbit, avx, avx2, aes, clmul, bmi1, bmi2, adx, sha, fma, vzeroupper, clflush, clflushopt, hv, rdtscp, f16c
Processor Information for the first 8 processors :
  Max Mhz: 2100, Current Mhz: 2100, Mhz Limit: 2100

Memory: 4k page, system-wide physical 6045M (249M free)
TotalPageFile size 16311M (AvailPageFile size 3M)
current process WorkingSet (physical memory assigned to process): 41M, peak: 240M
current process commit charge ("private bytes"): 255M, peak: 283M

vm_info: OpenJDK 64-Bit Server VM (24.0.2+12-54) for windows-amd64 JRE (24.0.2+12-54), built on 2025-07-08T12:10:27Z with MS VC++ 17.6 (VS2022)

END.
